{
  "version": "1.5.0",
  "plugins_used": [
    {
      "name": "ArtifactoryDetector"
    },
    {
      "name": "AWSKeyDetector"
    },
    {
      "name": "AzureStorageKeyDetector"
    },
    {
      "name": "Base64HighEntropyString",
      "limit": 4.5
    },
    {
      "name": "BasicAuthDetector"
    },
    {
      "name": "CloudantDetector"
    },
    {
      "name": "DiscordBotTokenDetector"
    },
    {
      "name": "GitHubTokenDetector"
    },
    {
      "name": "GitLabTokenDetector"
    },
    {
      "name": "HexHighEntropyString",
      "limit": 3.0
    },
    {
      "name": "IbmCloudIamDetector"
    },
    {
      "name": "IbmCosHmacDetector"
    },
    {
      "name": "IPPublicDetector"
    },
    {
      "name": "JwtTokenDetector"
    },
    {
      "name": "KeywordDetector",
      "keyword_exclude": ""
    },
    {
      "name": "MailchimpDetector"
    },
    {
      "name": "NpmDetector"
    },
    {
      "name": "OpenAIDetector"
    },
    {
      "name": "PrivateKeyDetector"
    },
    {
      "name": "PypiTokenDetector"
    },
    {
      "name": "SendGridDetector"
    },
    {
      "name": "SlackDetector"
    },
    {
      "name": "SoftlayerDetector"
    },
    {
      "name": "SquareOAuthDetector"
    },
    {
      "name": "StripeDetector"
    },
    {
      "name": "TelegramBotTokenDetector"
    },
    {
      "name": "TwilioKeyDetector"
    }
  ],
  "filters_used": [
    {
      "path": "detect_secrets.filters.allowlist.is_line_allowlisted"
    },
    {
      "path": "detect_secrets.filters.common.is_baseline_file",
      "filename": ".secrets.baseline"
    },
    {
      "path": "detect_secrets.filters.common.is_ignored_due_to_verification_policies",
      "min_level": 2
    },
    {
      "path": "detect_secrets.filters.heuristic.is_indirect_reference"
    },
    {
      "path": "detect_secrets.filters.heuristic.is_likely_id_string"
    },
    {
      "path": "detect_secrets.filters.heuristic.is_lock_file"
    },
    {
      "path": "detect_secrets.filters.heuristic.is_not_alphanumeric_string"
    },
    {
      "path": "detect_secrets.filters.heuristic.is_potential_uuid"
    },
    {
      "path": "detect_secrets.filters.heuristic.is_prefixed_with_dollar_sign"
    },
    {
      "path": "detect_secrets.filters.heuristic.is_sequential_string"
    },
    {
      "path": "detect_secrets.filters.heuristic.is_swagger_file"
    },
    {
      "path": "detect_secrets.filters.heuristic.is_templated_secret"
    },
    {
      "path": "detect_secrets.filters.regex.should_exclude_file",
      "pattern": [
        "(^|/)\\.secrets\\.baseline$"
      ]
    }
  ],
  "results": {
    ".github/workflows/opencode.yml": [
      {
        "type": "Hex High Entropy String",
        "filename": ".github/workflows/opencode.yml",
        "hashed_secret": "96d6f2ef3c462e13bac477a7aa150345c3d6627d",
        "is_verified": false,
        "line_number": 40,
        "is_secret": false
      }
    ],
    "docs/generated/capability-matrix.json": [
      {
        "type": "Hex High Entropy String",
        "filename": "docs/generated/capability-matrix.json",
        "hashed_secret": "b182383237061b41f106972ddfe22a3bcabb091b",
        "is_verified": false,
        "line_number": 14,
        "is_secret": false
      },
      {
        "type": "Hex High Entropy String",
        "filename": "docs/generated/capability-matrix.json",
        "hashed_secret": "6ccd5444772751ab17fec02c3367b622b86b07bf",
        "is_verified": false,
        "line_number": 18,
        "is_secret": false
      },
      {
        "type": "Hex High Entropy String",
        "filename": "docs/generated/capability-matrix.json",
        "hashed_secret": "d41aff0244f246ba6f0c71afd347143b0f9038cc",
        "is_verified": false,
        "line_number": 22,
        "is_secret": false
      },
      {
        "type": "Hex High Entropy String",
        "filename": "docs/generated/capability-matrix.json",
        "hashed_secret": "83d578f1b851574e237df1dcf0559951020ac0c4",
        "is_verified": false,
        "line_number": 26,
        "is_secret": false
      },
      {
        "type": "Hex High Entropy String",
        "filename": "docs/generated/capability-matrix.json",
        "hashed_secret": "61ad87f388bf0578260c93fdb6b75689f137ccb7",
        "is_verified": false,
        "line_number": 30,
        "is_secret": false
      },
      {
        "type": "Hex High Entropy String",
        "filename": "docs/generated/capability-matrix.json",
        "hashed_secret": "c49d73c8e1637184d91f6b7893ffbcff045a0675",
        "is_verified": false,
        "line_number": 34,
        "is_secret": false
      },
      {
        "type": "Hex High Entropy String",
        "filename": "docs/generated/capability-matrix.json",
        "hashed_secret": "a26865d7664914ba481c350831cebd3956feebff",
        "is_verified": false,
        "line_number": 38,
        "is_secret": false
      },
      {
        "type": "Hex High Entropy String",
        "filename": "docs/generated/capability-matrix.json",
        "hashed_secret": "a248de713aaf8f4e51de0cf8992a4203a23f734a",
        "is_verified": false,
        "line_number": 42,
        "is_secret": false
      },
      {
        "type": "Hex High Entropy String",
        "filename": "docs/generated/capability-matrix.json",
        "hashed_secret": "c863545e81a94c6ed0683562832692872a637712",
        "is_verified": false,
        "line_number": 46,
        "is_secret": false
      },
      {
        "type": "Hex High Entropy String",
        "filename": "docs/generated/capability-matrix.json",
        "hashed_secret": "7ffd9020c6d11b73e2e53a4149dce51e70b42f9d",
        "is_verified": false,
        "line_number": 50,
        "is_secret": false
      }
    ],
    "docs/model_worker.md": [
      {
        "type": "Secret Keyword",
        "filename": "docs/model_worker.md",
        "hashed_secret": "c7a8c334eef5d1749fface7d42c66f9ae5e8cf36",
        "is_verified": false,
        "line_number": 77,
        "is_secret": false
      },
      {
        "type": "Secret Keyword",
        "filename": "docs/model_worker.md",
        "hashed_secret": "bbeff108b7f391b5e067b7626a955bb91df4dcb1",
        "is_verified": false,
        "line_number": 112,
        "is_secret": false
      }
    ],
    "fixtures/tradingview/README.md": [
      {
        "type": "Hex High Entropy String",
        "filename": "fixtures/tradingview/README.md",
        "hashed_secret": "22e783b3f3f9645a2496de54db0a7bab773ec093",
        "is_verified": false,
        "line_number": 57,
        "is_secret": false
      }
    ],
    "research/data/raw/MANIFEST.json": [
      {
        "type": "Hex High Entropy String",
        "filename": "research/data/raw/MANIFEST.json",
        "hashed_secret": "4a03d72e0d88ce243cba2f0ba28211b1e71edb81",
        "is_verified": false,
        "line_number": 17,
        "is_secret": false
      },
      {
        "type": "Hex High Entropy String",
        "filename": "research/data/raw/MANIFEST.json",
        "hashed_secret": "72dbdef8a51e620be8986b5887d46aff9b34f67d",
        "is_verified": false,
        "line_number": 22,
        "is_secret": false
      },
      {
        "type": "Hex High Entropy String",
        "filename": "research/data/raw/MANIFEST.json",
        "hashed_secret": "9fa28d3868338af8c9f7a66920274d1b501c52e3",
        "is_verified": false,
        "line_number": 86,
        "is_secret": false
      },
      {
        "type": "Hex High Entropy String",
        "filename": "research/data/raw/MANIFEST.json",
        "hashed_secret": "cbb3c1aaca4784e51f85351997d680e3bddeb396",
        "is_verified": false,
        "line_number": 91,
        "is_secret": false
      },
      {
        "type": "Hex High Entropy String",
        "filename": "research/data/raw/MANIFEST.json",
        "hashed_secret": "1b58131b27a4b9b61ad52fa73bd6eb7631ac1af8",
        "is_verified": false,
        "line_number": 167,
        "is_secret": false
      },
      {
        "type": "Hex High Entropy String",
        "filename": "research/data/raw/MANIFEST.json",
        "hashed_secret": "8d57e7a71de689a3c8c1d5c746ac0b635ba11d4d",
        "is_verified": false,
        "line_number": 227,
        "is_secret": false
      },
      {
        "type": "Hex High Entropy String",
        "filename": "research/data/raw/MANIFEST.json",
        "hashed_secret": "58d76ffe472eba18e8aca4e33e5a92944aed4e40",
        "is_verified": false,
        "line_number": 287,
        "is_secret": false
      }
    ],
    "research/five_tool_certified_intake_v1.json": [
      {
        "type": "Hex High Entropy String",
        "filename": "research/five_tool_certified_intake_v1.json",
        "hashed_secret": "e3f60a51a53eab217aa61d885c66302a4c6c549f",
        "is_verified": false,
        "line_number": 8,
        "is_secret": false
      }
    ],
    "research/five_tool_intraday_quote_evidence_v1_manifest.json": [
      {
        "type": "Hex High Entropy String",
        "filename": "research/five_tool_intraday_quote_evidence_v1_manifest.json",
        "hashed_secret": "22e783b3f3f9645a2496de54db0a7bab773ec093",
        "is_verified": false,
        "line_number": 23,
        "is_secret": false
      }
    ],
    "research/five_tool_pairing_gld_v1_campaign_manifest.json": [
      {
        "type": "Hex High Entropy String",
        "filename": "research/five_tool_pairing_gld_v1_campaign_manifest.json",
        "hashed_secret": "22e783b3f3f9645a2496de54db0a7bab773ec093",
        "is_verified": false,
        "line_number": 18,
        "is_secret": false
      },
      {
        "type": "Hex High Entropy String",
        "filename": "research/five_tool_pairing_gld_v1_campaign_manifest.json",
        "hashed_secret": "e3f60a51a53eab217aa61d885c66302a4c6c549f",
        "is_verified": false,
        "line_number": 71,
        "is_secret": false
      }
    ],
    "research/five_tool_pairing_v1_campaign_manifest.json": [
      {
        "type": "Hex High Entropy String",
        "filename": "research/five_tool_pairing_v1_campaign_manifest.json",
        "hashed_secret": "22e783b3f3f9645a2496de54db0a7bab773ec093",
        "is_verified": false,
        "line_number": 17,
        "is_secret": false
      },
      {
        "type": "Hex High Entropy String",
        "filename": "research/five_tool_pairing_v1_campaign_manifest.json",
        "hashed_secret": "e3f60a51a53eab217aa61d885c66302a4c6c549f",
        "is_verified": false,
        "line_number": 70,
        "is_secret": false
      }
    ],
    "research/five_tool_v3_6_campaign_manifest.json": [
      {
        "type": "Hex High Entropy String",
        "filename": "research/five_tool_v3_6_campaign_manifest.json",
        "hashed_secret": "22e783b3f3f9645a2496de54db0a7bab773ec093",
        "is_verified": false,
        "line_number": 21,
        "is_secret": false
      },
      {
        "type": "Hex High Entropy String",
        "filename": "research/five_tool_v3_6_campaign_manifest.json",
        "hashed_secret": "21da9236ecee7d8afda0215b20656932e2b3bd2e",
        "is_verified": false,
        "line_number": 25,
        "is_secret": false
      },
      {
        "type": "Hex High Entropy String",
        "filename": "research/five_tool_v3_6_campaign_manifest.json",
        "hashed_secret": "632835654d4e92b6fca99f7618f017787e309004",
        "is_verified": false,
        "line_number": 32,
        "is_secret": false
      },
      {
        "type": "Hex High Entropy String",
        "filename": "research/five_tool_v3_6_campaign_manifest.json",
        "hashed_secret": "65cea788f2e4a0514c0ac5c3b1ca7916e5955fee",
        "is_verified": false,
        "line_number": 103,
        "is_secret": false
      }
    ],
    "research/results/research_all.json": [
      {
        "type": "Hex High Entropy String",
        "filename": "research/results/research_all.json",
        "hashed_secret": "1e783867a5f2bae046f27afdc0edd7987b87ae3e",
        "is_verified": false,
        "line_number": 44,
        "is_secret": false
      },
      {
        "type": "Hex High Entropy String",
        "filename": "research/results/research_all.json",
        "hashed_secret": "72dbdef8a51e620be8986b5887d46aff9b34f67d",
        "is_verified": false,
        "line_number": 55,
        "is_secret": false
      },
      {
        "type": "Hex High Entropy String",
        "filename": "research/results/research_all.json",
        "hashed_secret": "cbb3c1aaca4784e51f85351997d680e3bddeb396",
        "is_verified": false,
        "line_number": 62,
        "is_secret": false
      },
      {
        "type": "Hex High Entropy String",
        "filename": "research/results/research_all.json",
        "hashed_secret": "1b58131b27a4b9b61ad52fa73bd6eb7631ac1af8",
        "is_verified": false,
        "line_number": 69,
        "is_secret": false
      },
      {
        "type": "Hex High Entropy String",
        "filename": "research/results/research_all.json",
        "hashed_secret": "8d57e7a71de689a3c8c1d5c746ac0b635ba11d4d",
        "is_verified": false,
        "line_number": 77,
        "is_secret": false
      },
      {
        "type": "Hex High Entropy String",
        "filename": "research/results/research_all.json",
        "hashed_secret": "58d76ffe472eba18e8aca4e33e5a92944aed4e40",
        "is_verified": false,
        "line_number": 84,
        "is_secret": false
      }
    ],
    "research/results/research_dev.json": [
      {
        "type": "Hex High Entropy String",
        "filename": "research/results/research_dev.json",
        "hashed_secret": "1e783867a5f2bae046f27afdc0edd7987b87ae3e",
        "is_verified": false,
        "line_number": 44,
        "is_secret": false
      },
      {
        "type": "Hex High Entropy String",
        "filename": "research/results/research_dev.json",
        "hashed_secret": "72dbdef8a51e620be8986b5887d46aff9b34f67d",
        "is_verified": false,
        "line_number": 55,
        "is_secret": false
      },
      {
        "type": "Hex High Entropy String",
        "filename": "research/results/research_dev.json",
        "hashed_secret": "cbb3c1aaca4784e51f85351997d680e3bddeb396",
        "is_verified": false,
        "line_number": 62,
        "is_secret": false
      },
      {
        "type": "Hex High Entropy String",
        "filename": "research/results/research_dev.json",
        "hashed_secret": "1b58131b27a4b9b61ad52fa73bd6eb7631ac1af8",
        "is_verified": false,
        "line_number": 69,
        "is_secret": false
      },
      {
        "type": "Hex High Entropy String",
        "filename": "research/results/research_dev.json",
        "hashed_secret": "8d57e7a71de689a3c8c1d5c746ac0b635ba11d4d",
        "is_verified": false,
        "line_number": 77,
        "is_secret": false
      },
      {
        "type": "Hex High Entropy String",
        "filename": "research/results/research_dev.json",
        "hashed_secret": "58d76ffe472eba18e8aca4e33e5a92944aed4e40",
        "is_verified": false,
        "line_number": 84,
        "is_secret": false
      }
    ],
    "research/results/research_val.json": [
      {
        "type": "Hex High Entropy String",
        "filename": "research/results/research_val.json",
        "hashed_secret": "1e783867a5f2bae046f27afdc0edd7987b87ae3e",
        "is_verified": false,
        "line_number": 44,
        "is_secret": false
      },
      {
        "type": "Hex High Entropy String",
        "filename": "research/results/research_val.json",
        "hashed_secret": "72dbdef8a51e620be8986b5887d46aff9b34f67d",
        "is_verified": false,
        "line_number": 55,
        "is_secret": false
      },
      {
        "type": "Hex High Entropy String",
        "filename": "research/results/research_val.json",
        "hashed_secret": "cbb3c1aaca4784e51f85351997d680e3bddeb396",
        "is_verified": false,
        "line_number": 62,
        "is_secret": false
      },
      {
        "type": "Hex High Entropy String",
        "filename": "research/results/research_val.json",
        "hashed_secret": "1b58131b27a4b9b61ad52fa73bd6eb7631ac1af8",
        "is_verified": false,
        "line_number": 69,
        "is_secret": false
      },
      {
        "type": "Hex High Entropy String",
        "filename": "research/results/research_val.json",
        "hashed_secret": "8d57e7a71de689a3c8c1d5c746ac0b635ba11d4d",
        "is_verified": false,
        "line_number": 77,
        "is_secret": false
      },
      {
        "type": "Hex High Entropy String",
        "filename": "research/results/research_val.json",
        "hashed_secret": "58d76ffe472eba18e8aca4e33e5a92944aed4e40",
        "is_verified": false,
        "line_number": 84,
        "is_secret": false
      }
    ],
    "research/skb/skb.json": [
      {
        "type": "Hex High Entropy String",
        "filename": "research/skb/skb.json",
        "hashed_secret": "14318473cdb24a71fa10ee42622b920e6bcc5c42",
        "is_verified": false,
        "line_number": 2,
        "is_secret": false
      },
      {
        "type": "Hex High Entropy String",
        "filename": "research/skb/skb.json",
        "hashed_secret": "22e783b3f3f9645a2496de54db0a7bab773ec093",
        "is_verified": false,
        "line_number": 1555,
        "is_secret": false
      },
      {
        "type": "Hex High Entropy String",
        "filename": "research/skb/skb.json",
        "hashed_secret": "863428c25bf45168f36efa04db1465fd656de40e",
        "is_verified": false,
        "line_number": 1608,
        "is_secret": false
      },
      {
        "type": "Hex High Entropy String",
        "filename": "research/skb/skb.json",
        "hashed_secret": "732a91adbcb304e8d4618da0e2572118c24fda16",
        "is_verified": false,
        "line_number": 1658,
        "is_secret": false
      },
      {
        "type": "Hex High Entropy String",
        "filename": "research/skb/skb.json",
        "hashed_secret": "228c6155788992da68198f827b2e892e6e893b3d",
        "is_verified": false,
        "line_number": 1713,
        "is_secret": false
      },
      {
        "type": "Hex High Entropy String",
        "filename": "research/skb/skb.json",
        "hashed_secret": "99f6d73125ffa967b4aabf521b76cf171334ed64",
        "is_verified": false,
        "line_number": 1766,
        "is_secret": false
      },
      {
        "type": "Hex High Entropy String",
        "filename": "research/skb/skb.json",
        "hashed_secret": "5e7d5fe19c2ec40a84f15390d61a3413def52f7f",
        "is_verified": false,
        "line_number": 1816,
        "is_secret": false
      },
      {
        "type": "Hex High Entropy String",
        "filename": "research/skb/skb.json",
        "hashed_secret": "06bb6fa78e1d7b6fd84583dba351de430f94c533",
        "is_verified": false,
        "line_number": 1865,
        "is_secret": false
      },
      {
        "type": "Hex High Entropy String",
        "filename": "research/skb/skb.json",
        "hashed_secret": "9dc97070d881aa02e6dfca591c561652b7caf5e5",
        "is_verified": false,
        "line_number": 1908,
        "is_secret": false
      },
      {
        "type": "Hex High Entropy String",
        "filename": "research/skb/skb.json",
        "hashed_secret": "19601eda0b2e4b19d3433ffafa4fd1f673a07659",
        "is_verified": false,
        "line_number": 1951,
        "is_secret": false
      },
      {
        "type": "Hex High Entropy String",
        "filename": "research/skb/skb.json",
        "hashed_secret": "1d7d977b50bbdc33b761682eb6c6f74d9f2467b1",
        "is_verified": false,
        "line_number": 1995,
        "is_secret": false
      },
      {
        "type": "Hex High Entropy String",
        "filename": "research/skb/skb.json",
        "hashed_secret": "dbb763a294c3b29f266314bfcdfce9090fd74cdd",
        "is_verified": false,
        "line_number": 2046,
        "is_secret": false
      },
      {
        "type": "Hex High Entropy String",
        "filename": "research/skb/skb.json",
        "hashed_secret": "ba20d88a84890d70a479e07a3039c953d1101aa9",
        "is_verified": false,
        "line_number": 2089,
        "is_secret": false
      },
      {
        "type": "Hex High Entropy String",
        "filename": "research/skb/skb.json",
        "hashed_secret": "c5e011afaacec6d172523b7fbea87f7d60095c4c",
        "is_verified": false,
        "line_number": 2138,
        "is_secret": false
      },
      {
        "type": "Hex High Entropy String",
        "filename": "research/skb/skb.json",
        "hashed_secret": "1d91bf3a5f5a983dccd8d53907ec30d02edcbe7b",
        "is_verified": false,
        "line_number": 2183,
        "is_secret": false
      },
      {
        "type": "Hex High Entropy String",
        "filename": "research/skb/skb.json",
        "hashed_secret": "61782a8620aeb817ea2833ea9d2a43d2273fcc72",
        "is_verified": false,
        "line_number": 2228,
        "is_secret": false
      },
      {
        "type": "Hex High Entropy String",
        "filename": "research/skb/skb.json",
        "hashed_secret": "f4aadf49b7c3df117cc393c4d6eea95a5ecd9c82",
        "is_verified": false,
        "line_number": 2273,
        "is_secret": false
      },
      {
        "type": "Hex High Entropy String",
        "filename": "research/skb/skb.json",
        "hashed_secret": "f62df669c19d53a2fcf012939c65274453081ae8",
        "is_verified": false,
        "line_number": 2317,
        "is_secret": false
      },
      {
        "type": "Hex High Entropy String",
        "filename": "research/skb/skb.json",
        "hashed_secret": "85d87738d2a7c058f939c34a6499bf31ac62e7eb",
        "is_verified": false,
        "line_number": 2366,
        "is_secret": false
      },
      {
        "type": "Hex High Entropy String",
        "filename": "research/skb/skb.json",
        "hashed_secret": "4259a9b797234887616f3c2e155916946b8731de",
        "is_verified": false,
        "line_number": 2417,
        "is_secret": false
      },
      {
        "type": "Hex High Entropy String",
        "filename": "research/skb/skb.json",
        "hashed_secret": "2df8cbd1fbcca208475882dfccc50ab65a688c9f",
        "is_verified": false,
        "line_number": 2460,
        "is_secret": false
      },
      {
        "type": "Hex High Entropy String",
        "filename": "research/skb/skb.json",
        "hashed_secret": "37c4e2d1bb160f59f1e824db587f794bb1210601",
        "is_verified": false,
        "line_number": 2505,
        "is_secret": false
      },
      {
        "type": "Hex High Entropy String",
        "filename": "research/skb/skb.json",
        "hashed_secret": "62ada4e702a73b8872bd50894e51fedaae4b4c7f",
        "is_verified": false,
        "line_number": 2550,
        "is_secret": false
      },
      {
        "type": "Hex High Entropy String",
        "filename": "research/skb/skb.json",
        "hashed_secret": "e570eb603af1b3612400c1e53afcb68dd6e495b5",
        "is_verified": false,
        "line_number": 2597,
        "is_secret": false
      },
      {
        "type": "Hex High Entropy String",
        "filename": "research/skb/skb.json",
        "hashed_secret": "b2520b3348279e616a0c13c993a14977ab317e39",
        "is_verified": false,
        "line_number": 2638,
        "is_secret": false
      },
      {
        "type": "Hex High Entropy String",
        "filename": "research/skb/skb.json",
        "hashed_secret": "de6779fff371e6d84eb4de21c8b6ce07a3125aaf",
        "is_verified": false,
        "line_number": 2684,
        "is_secret": false
      },
      {
        "type": "Hex High Entropy String",
        "filename": "research/skb/skb.json",
        "hashed_secret": "0c6e65fb34c98ea04448ea2434531954a5528618",
        "is_verified": false,
        "line_number": 2729,
        "is_secret": false
      },
      {
        "type": "Hex High Entropy String",
        "filename": "research/skb/skb.json",
        "hashed_secret": "96b109202f7ce9792efbcc6e32431a8c4207f9ef",
        "is_verified": false,
        "line_number": 2774,
        "is_secret": false
      },
      {
        "type": "Hex High Entropy String",
        "filename": "research/skb/skb.json",
        "hashed_secret": "43808c79096fbc305206c151ebfeb2dc26adc022",
        "is_verified": false,
        "line_number": 2821,
        "is_secret": false
      },
      {
        "type": "Hex High Entropy String",
        "filename": "research/skb/skb.json",
        "hashed_secret": "53c19c9a6550c468435633019eb7b7fe1f33ca2e",
        "is_verified": false,
        "line_number": 2867,
        "is_secret": false
      },
      {
        "type": "Hex High Entropy String",
        "filename": "research/skb/skb.json",
        "hashed_secret": "528c117d282a77aa9e5789f738de62056b093b6e",
        "is_verified": false,
        "line_number": 2912,
        "is_secret": false
      },
      {
        "type": "Hex High Entropy String",
        "filename": "research/skb/skb.json",
        "hashed_secret": "9037a40040688b180f68bccd8dd21394c2b51c71",
        "is_verified": false,
        "line_number": 2957,
        "is_secret": false
      },
      {
        "type": "Hex High Entropy String",
        "filename": "research/skb/skb.json",
        "hashed_secret": "6926fef0e5608894f54137cd84ca3349f4955c5c",
        "is_verified": false,
        "line_number": 3002,
        "is_secret": false
      },
      {
        "type": "Hex High Entropy String",
        "filename": "research/skb/skb.json",
        "hashed_secret": "5485888725315794a8ea0a696d8f4efa528ac346",
        "is_verified": false,
        "line_number": 3047,
        "is_secret": false
      },
      {
        "type": "Hex High Entropy String",
        "filename": "research/skb/skb.json",
        "hashed_secret": "0aa170dc195e404fc0b97087cddc32a42adfb648",
        "is_verified": false,
        "line_number": 3091,
        "is_secret": false
      },
      {
        "type": "Hex High Entropy String",
        "filename": "research/skb/skb.json",
        "hashed_secret": "13c919c54812ce07e2e6e751fcc8d734e4a65411",
        "is_verified": false,
        "line_number": 3136,
        "is_secret": false
      },
      {
        "type": "Hex High Entropy String",
        "filename": "research/skb/skb.json",
        "hashed_secret": "2d22c5b68038eab3dcc6e180a5f232db53bf01c5",
        "is_verified": false,
        "line_number": 3181,
        "is_secret": false
      },
      {
        "type": "Hex High Entropy String",
        "filename": "research/skb/skb.json",
        "hashed_secret": "58749205844a4216576a61a5aab2f119df7b4a8d",
        "is_verified": false,
        "line_number": 3226,
        "is_secret": false
      },
      {
        "type": "Hex High Entropy String",
        "filename": "research/skb/skb.json",
        "hashed_secret": "2a175bf93d5ff7abbd6ed5f3d7833151700bcbce",
        "is_verified": false,
        "line_number": 3273,
        "is_secret": false
      },
      {
        "type": "Hex High Entropy String",
        "filename": "research/skb/skb.json",
        "hashed_secret": "2bdc5a1a45b7d69746a1388e8e26794e6e51ae70",
        "is_verified": false,
        "line_number": 3318,
        "is_secret": false
      },
      {
        "type": "Hex High Entropy String",
        "filename": "research/skb/skb.json",
        "hashed_secret": "63d861349fc94d95132b05cee8852e85bc0822d3",
        "is_verified": false,
        "line_number": 3362,
        "is_secret": false
      },
      {
        "type": "Hex High Entropy String",
        "filename": "research/skb/skb.json",
        "hashed_secret": "c1df22bcc0a13e83020f707ab525966a73300160",
        "is_verified": false,
        "line_number": 3403,
        "is_secret": false
      },
      {
        "type": "Hex High Entropy String",
        "filename": "research/skb/skb.json",
        "hashed_secret": "5c631d8be9a36b1314be2e198970ca0c2c245aec",
        "is_verified": false,
        "line_number": 3447,
        "is_secret": false
      },
      {
        "type": "Hex High Entropy String",
        "filename": "research/skb/skb.json",
        "hashed_secret": "557c91e62b6efe273100e7b8575df8c59f2f347b",
        "is_verified": false,
        "line_number": 3480,
        "is_secret": false
      },
      {
        "type": "Hex High Entropy String",
        "filename": "research/skb/skb.json",
        "hashed_secret": "435117b09f72c68dfce1ba4a0aa071e36b0f0f5f",
        "is_verified": false,
        "line_number": 3482,
        "is_secret": false
      },
      {
        "type": "Hex High Entropy String",
        "filename": "research/skb/skb.json",
        "hashed_secret": "2b6bef6f25faf56f9db4b588f422168431357518",
        "is_verified": false,
        "line_number": 3484,
        "is_secret": false
      },
      {
        "type": "Hex High Entropy String",
        "filename": "research/skb/skb.json",
        "hashed_secret": "10b9a5d7cee0c8ed44e7fe55aaa5b23b7838891d",
        "is_verified": false,
        "line_number": 3486,
        "is_secret": false
      },
      {
        "type": "Hex High Entropy String",
        "filename": "research/skb/skb.json",
        "hashed_secret": "b32a6a7daf458458a35820927fec16522da97415",
        "is_verified": false,
        "line_number": 3487,
        "is_secret": false
      },
      {
        "type": "Hex High Entropy String",
        "filename": "research/skb/skb.json",
        "hashed_secret": "a47203a7d86ef88c67ea744ed2f377e8b1960b3f",
        "is_verified": false,
        "line_number": 3489,
        "is_secret": false
      }
    ],
    "research/strategy_catalog.json": [
      {
        "type": "Hex High Entropy String",
        "filename": "research/strategy_catalog.json",
        "hashed_secret": "22e783b3f3f9645a2496de54db0a7bab773ec093",
        "is_verified": false,
        "line_number": 13,
        "is_secret": false
      },
      {
        "type": "Hex High Entropy String",
        "filename": "research/strategy_catalog.json",
        "hashed_secret": "863428c25bf45168f36efa04db1465fd656de40e",
        "is_verified": false,
        "line_number": 44,
        "is_secret": false
      },
      {
        "type": "Hex High Entropy String",
        "filename": "research/strategy_catalog.json",
        "hashed_secret": "732a91adbcb304e8d4618da0e2572118c24fda16",
        "is_verified": false,
        "line_number": 75,
        "is_secret": false
      },
      {
        "type": "Hex High Entropy String",
        "filename": "research/strategy_catalog.json",
        "hashed_secret": "228c6155788992da68198f827b2e892e6e893b3d",
        "is_verified": false,
        "line_number": 106,
        "is_secret": false
      },
      {
        "type": "Hex High Entropy String",
        "filename": "research/strategy_catalog.json",
        "hashed_secret": "99f6d73125ffa967b4aabf521b76cf171334ed64",
        "is_verified": false,
        "line_number": 137,
        "is_secret": false
      },
      {
        "type": "Hex High Entropy String",
        "filename": "research/strategy_catalog.json",
        "hashed_secret": "5e7d5fe19c2ec40a84f15390d61a3413def52f7f",
        "is_verified": false,
        "line_number": 168,
        "is_secret": false
      },
      {
        "type": "Hex High Entropy String",
        "filename": "research/strategy_catalog.json",
        "hashed_secret": "06bb6fa78e1d7b6fd84583dba351de430f94c533",
        "is_verified": false,
        "line_number": 199,
        "is_secret": false
      },
      {
        "type": "Hex High Entropy String",
        "filename": "research/strategy_catalog.json",
        "hashed_secret": "9dc97070d881aa02e6dfca591c561652b7caf5e5",
        "is_verified": false,
        "line_number": 230,
        "is_secret": false
      },
      {
        "type": "Hex High Entropy String",
        "filename": "research/strategy_catalog.json",
        "hashed_secret": "19601eda0b2e4b19d3433ffafa4fd1f673a07659",
        "is_verified": false,
        "line_number": 261,
        "is_secret": false
      },
      {
        "type": "Hex High Entropy String",
        "filename": "research/strategy_catalog.json",
        "hashed_secret": "1d7d977b50bbdc33b761682eb6c6f74d9f2467b1",
        "is_verified": false,
        "line_number": 292,
        "is_secret": false
      },
      {
        "type": "Hex High Entropy String",
        "filename": "research/strategy_catalog.json",
        "hashed_secret": "dbb763a294c3b29f266314bfcdfce9090fd74cdd",
        "is_verified": false,
        "line_number": 323,
        "is_secret": false
      },
      {
        "type": "Hex High Entropy String",
        "filename": "research/strategy_catalog.json",
        "hashed_secret": "ba20d88a84890d70a479e07a3039c953d1101aa9",
        "is_verified": false,
        "line_number": 354,
        "is_secret": false
      },
      {
        "type": "Hex High Entropy String",
        "filename": "research/strategy_catalog.json",
        "hashed_secret": "c5e011afaacec6d172523b7fbea87f7d60095c4c",
        "is_verified": false,
        "line_number": 385,
        "is_secret": false
      },
      {
        "type": "Hex High Entropy String",
        "filename": "research/strategy_catalog.json",
        "hashed_secret": "1d91bf3a5f5a983dccd8d53907ec30d02edcbe7b",
        "is_verified": false,
        "line_number": 416,
        "is_secret": false
      },
      {
        "type": "Hex High Entropy String",
        "filename": "research/strategy_catalog.json",
        "hashed_secret": "61782a8620aeb817ea2833ea9d2a43d2273fcc72",
        "is_verified": false,
        "line_number": 447,
        "is_secret": false
      },
      {
        "type": "Hex High Entropy String",
        "filename": "research/strategy_catalog.json",
        "hashed_secret": "f4aadf49b7c3df117cc393c4d6eea95a5ecd9c82",
        "is_verified": false,
        "line_number": 478,
        "is_secret": false
      },
      {
        "type": "Hex High Entropy String",
        "filename": "research/strategy_catalog.json",
        "hashed_secret": "f62df669c19d53a2fcf012939c65274453081ae8",
        "is_verified": false,
        "line_number": 509,
        "is_secret": false
      },
      {
        "type": "Hex High Entropy String",
        "filename": "research/strategy_catalog.json",
        "hashed_secret": "85d87738d2a7c058f939c34a6499bf31ac62e7eb",
        "is_verified": false,
        "line_number": 540,
        "is_secret": false
      },
      {
        "type": "Hex High Entropy String",
        "filename": "research/strategy_catalog.json",
        "hashed_secret": "4259a9b797234887616f3c2e155916946b8731de",
        "is_verified": false,
        "line_number": 571,
        "is_secret": false
      },
      {
        "type": "Hex High Entropy String",
        "filename": "research/strategy_catalog.json",
        "hashed_secret": "2df8cbd1fbcca208475882dfccc50ab65a688c9f",
        "is_verified": false,
        "line_number": 602,
        "is_secret": false
      },
      {
        "type": "Hex High Entropy String",
        "filename": "research/strategy_catalog.json",
        "hashed_secret": "37c4e2d1bb160f59f1e824db587f794bb1210601",
        "is_verified": false,
        "line_number": 633,
        "is_secret": false
      },
      {
        "type": "Hex High Entropy String",
        "filename": "research/strategy_catalog.json",
        "hashed_secret": "62ada4e702a73b8872bd50894e51fedaae4b4c7f",
        "is_verified": false,
        "line_number": 664,
        "is_secret": false
      },
      {
        "type": "Hex High Entropy String",
        "filename": "research/strategy_catalog.json",
        "hashed_secret": "e570eb603af1b3612400c1e53afcb68dd6e495b5",
        "is_verified": false,
        "line_number": 695,
        "is_secret": false
      },
      {
        "type": "Hex High Entropy String",
        "filename": "research/strategy_catalog.json",
        "hashed_secret": "b2520b3348279e616a0c13c993a14977ab317e39",
        "is_verified": false,
        "line_number": 726,
        "is_secret": false
      },
      {
        "type": "Hex High Entropy String",
        "filename": "research/strategy_catalog.json",
        "hashed_secret": "de6779fff371e6d84eb4de21c8b6ce07a3125aaf",
        "is_verified": false,
        "line_number": 757,
        "is_secret": false
      },
      {
        "type": "Hex High Entropy String",
        "filename": "research/strategy_catalog.json",
        "hashed_secret": "0c6e65fb34c98ea04448ea2434531954a5528618",
        "is_verified": false,
        "line_number": 788,
        "is_secret": false
      },
      {
        "type": "Hex High Entropy String",
        "filename": "research/strategy_catalog.json",
        "hashed_secret": "96b109202f7ce9792efbcc6e32431a8c4207f9ef",
        "is_verified": false,
        "line_number": 819,
        "is_secret": false
      },
      {
        "type": "Hex High Entropy String",
        "filename": "research/strategy_catalog.json",
        "hashed_secret": "43808c79096fbc305206c151ebfeb2dc26adc022",
        "is_verified": false,
        "line_number": 850,
        "is_secret": false
      },
      {
        "type": "Hex High Entropy String",
        "filename": "research/strategy_catalog.json",
        "hashed_secret": "53c19c9a6550c468435633019eb7b7fe1f33ca2e",
        "is_verified": false,
        "line_number": 881,
        "is_secret": false
      },
      {
        "type": "Hex High Entropy String",
        "filename": "research/strategy_catalog.json",
        "hashed_secret": "528c117d282a77aa9e5789f738de62056b093b6e",
        "is_verified": false,
        "line_number": 912,
        "is_secret": false
      },
      {
        "type": "Hex High Entropy String",
        "filename": "research/strategy_catalog.json",
        "hashed_secret": "9037a40040688b180f68bccd8dd21394c2b51c71",
        "is_verified": false,
        "line_number": 943,
        "is_secret": false
      },
      {
        "type": "Hex High Entropy String",
        "filename": "research/strategy_catalog.json",
        "hashed_secret": "6926fef0e5608894f54137cd84ca3349f4955c5c",
        "is_verified": false,
        "line_number": 974,
        "is_secret": false
      },
      {
        "type": "Hex High Entropy String",
        "filename": "research/strategy_catalog.json",
        "hashed_secret": "5485888725315794a8ea0a696d8f4efa528ac346",
        "is_verified": false,
        "line_number": 1005,
        "is_secret": false
      },
      {
        "type": "Hex High Entropy String",
        "filename": "research/strategy_catalog.json",
        "hashed_secret": "0aa170dc195e404fc0b97087cddc32a42adfb648",
        "is_verified": false,
        "line_number": 1036,
        "is_secret": false
      },
      {
        "type": "Hex High Entropy String",
        "filename": "research/strategy_catalog.json",
        "hashed_secret": "13c919c54812ce07e2e6e751fcc8d734e4a65411",
        "is_verified": false,
        "line_number": 1067,
        "is_secret": false
      },
      {
        "type": "Hex High Entropy String",
        "filename": "research/strategy_catalog.json",
        "hashed_secret": "2d22c5b68038eab3dcc6e180a5f232db53bf01c5",
        "is_verified": false,
        "line_number": 1098,
        "is_secret": false
      },
      {
        "type": "Hex High Entropy String",
        "filename": "research/strategy_catalog.json",
        "hashed_secret": "58749205844a4216576a61a5aab2f119df7b4a8d",
        "is_verified": false,
        "line_number": 1129,
        "is_secret": false
      },
      {
        "type": "Hex High Entropy String",
        "filename": "research/strategy_catalog.json",
        "hashed_secret": "2a175bf93d5ff7abbd6ed5f3d7833151700bcbce",
        "is_verified": false,
        "line_number": 1160,
        "is_secret": false
      },
      {
        "type": "Hex High Entropy String",
        "filename": "research/strategy_catalog.json",
        "hashed_secret": "2bdc5a1a45b7d69746a1388e8e26794e6e51ae70",
        "is_verified": false,
        "line_number": 1191,
        "is_secret": false
      },
      {
        "type": "Hex High Entropy String",
        "filename": "research/strategy_catalog.json",
        "hashed_secret": "63d861349fc94d95132b05cee8852e85bc0822d3",
        "is_verified": false,
        "line_number": 1222,
        "is_secret": false
      },
      {
        "type": "Hex High Entropy String",
        "filename": "research/strategy_catalog.json",
        "hashed_secret": "c1df22bcc0a13e83020f707ab525966a73300160",
        "is_verified": false,
        "line_number": 1253,
        "is_secret": false
      },
      {
        "type": "Hex High Entropy String",
        "filename": "research/strategy_catalog.json",
        "hashed_secret": "5c631d8be9a36b1314be2e198970ca0c2c245aec",
        "is_verified": false,
        "line_number": 1284,
        "is_secret": false
      }
    ],
    "research/strategy_registry.yaml": [
      {
        "type": "Hex High Entropy String",
        "filename": "research/strategy_registry.yaml",
        "hashed_secret": "22e783b3f3f9645a2496de54db0a7bab773ec093",
        "is_verified": false,
        "line_number": 12,
        "is_secret": false
      },
      {
        "type": "Hex High Entropy String",
        "filename": "research/strategy_registry.yaml",
        "hashed_secret": "863428c25bf45168f36efa04db1465fd656de40e",
        "is_verified": false,
        "line_number": 46,
        "is_secret": false
      },
      {
        "type": "Hex High Entropy String",
        "filename": "research/strategy_registry.yaml",
        "hashed_secret": "732a91adbcb304e8d4618da0e2572118c24fda16",
        "is_verified": false,
        "line_number": 75,
        "is_secret": false
      },
      {
        "type": "Hex High Entropy String",
        "filename": "research/strategy_registry.yaml",
        "hashed_secret": "228c6155788992da68198f827b2e892e6e893b3d",
        "is_verified": false,
        "line_number": 104,
        "is_secret": false
      },
      {
        "type": "Hex High Entropy String",
        "filename": "research/strategy_registry.yaml",
        "hashed_secret": "99f6d73125ffa967b4aabf521b76cf171334ed64",
        "is_verified": false,
        "line_number": 133,
        "is_secret": false
      },
      {
        "type": "Hex High Entropy String",
        "filename": "research/strategy_registry.yaml",
        "hashed_secret": "5e7d5fe19c2ec40a84f15390d61a3413def52f7f",
        "is_verified": false,
        "line_number": 162,
        "is_secret": false
      },
      {
        "type": "Hex High Entropy String",
        "filename": "research/strategy_registry.yaml",
        "hashed_secret": "06bb6fa78e1d7b6fd84583dba351de430f94c533",
        "is_verified": false,
        "line_number": 191,
        "is_secret": false
      },
      {
        "type": "Hex High Entropy String",
        "filename": "research/strategy_registry.yaml",
        "hashed_secret": "9dc97070d881aa02e6dfca591c561652b7caf5e5",
        "is_verified": false,
        "line_number": 220,
        "is_secret": false
      },
      {
        "type": "Hex High Entropy String",
        "filename": "research/strategy_registry.yaml",
        "hashed_secret": "19601eda0b2e4b19d3433ffafa4fd1f673a07659",
        "is_verified": false,
        "line_number": 249,
        "is_secret": false
      },
      {
        "type": "Hex High Entropy String",
        "filename": "research/strategy_registry.yaml",
        "hashed_secret": "1d7d977b50bbdc33b761682eb6c6f74d9f2467b1",
        "is_verified": false,
        "line_number": 278,
        "is_secret": false
      },
      {
        "type": "Hex High Entropy String",
        "filename": "research/strategy_registry.yaml",
        "hashed_secret": "dbb763a294c3b29f266314bfcdfce9090fd74cdd",
        "is_verified": false,
        "line_number": 307,
        "is_secret": false
      },
      {
        "type": "Hex High Entropy String",
        "filename": "research/strategy_registry.yaml",
        "hashed_secret": "ba20d88a84890d70a479e07a3039c953d1101aa9",
        "is_verified": false,
        "line_number": 339,
        "is_secret": false
      },
      {
        "type": "Hex High Entropy String",
        "filename": "research/strategy_registry.yaml",
        "hashed_secret": "c5e011afaacec6d172523b7fbea87f7d60095c4c",
        "is_verified": false,
        "line_number": 368,
        "is_secret": false
      },
      {
        "type": "Hex High Entropy String",
        "filename": "research/strategy_registry.yaml",
        "hashed_secret": "1d91bf3a5f5a983dccd8d53907ec30d02edcbe7b",
        "is_verified": false,
        "line_number": 397,
        "is_secret": false
      },
      {
        "type": "Hex High Entropy String",
        "filename": "research/strategy_registry.yaml",
        "hashed_secret": "61782a8620aeb817ea2833ea9d2a43d2273fcc72",
        "is_verified": false,
        "line_number": 428,
        "is_secret": false
      },
      {
        "type": "Hex High Entropy String",
        "filename": "research/strategy_registry.yaml",
        "hashed_secret": "f4aadf49b7c3df117cc393c4d6eea95a5ecd9c82",
        "is_verified": false,
        "line_number": 457,
        "is_secret": false
      },
      {
        "type": "Hex High Entropy String",
        "filename": "research/strategy_registry.yaml",
        "hashed_secret": "f62df669c19d53a2fcf012939c65274453081ae8",
        "is_verified": false,
        "line_number": 486,
        "is_secret": false
      },
      {
        "type": "Hex High Entropy String",
        "filename": "research/strategy_registry.yaml",
        "hashed_secret": "85d87738d2a7c058f939c34a6499bf31ac62e7eb",
        "is_verified": false,
        "line_number": 515,
        "is_secret": false
      },
      {
        "type": "Hex High Entropy String",
        "filename": "research/strategy_registry.yaml",
        "hashed_secret": "4259a9b797234887616f3c2e155916946b8731de",
        "is_verified": false,
        "line_number": 548,
        "is_secret": false
      },
      {
        "type": "Hex High Entropy String",
        "filename": "research/strategy_registry.yaml",
        "hashed_secret": "2df8cbd1fbcca208475882dfccc50ab65a688c9f",
        "is_verified": false,
        "line_number": 577,
        "is_secret": false
      },
      {
        "type": "Hex High Entropy String",
        "filename": "research/strategy_registry.yaml",
        "hashed_secret": "37c4e2d1bb160f59f1e824db587f794bb1210601",
        "is_verified": false,
        "line_number": 606,
        "is_secret": false
      },
      {
        "type": "Hex High Entropy String",
        "filename": "research/strategy_registry.yaml",
        "hashed_secret": "62ada4e702a73b8872bd50894e51fedaae4b4c7f",
        "is_verified": false,
        "line_number": 635,
        "is_secret": false
      },
      {
        "type": "Hex High Entropy String",
        "filename": "research/strategy_registry.yaml",
        "hashed_secret": "e570eb603af1b3612400c1e53afcb68dd6e495b5",
        "is_verified": false,
        "line_number": 664,
        "is_secret": false
      },
      {
        "type": "Hex High Entropy String",
        "filename": "research/strategy_registry.yaml",
        "hashed_secret": "b2520b3348279e616a0c13c993a14977ab317e39",
        "is_verified": false,
        "line_number": 693,
        "is_secret": false
      },
      {
        "type": "Hex High Entropy String",
        "filename": "research/strategy_registry.yaml",
        "hashed_secret": "de6779fff371e6d84eb4de21c8b6ce07a3125aaf",
        "is_verified": false,
        "line_number": 722,
        "is_secret": false
      },
      {
        "type": "Hex High Entropy String",
        "filename": "research/strategy_registry.yaml",
        "hashed_secret": "0c6e65fb34c98ea04448ea2434531954a5528618",
        "is_verified": false,
        "line_number": 751,
        "is_secret": false
      },
      {
        "type": "Hex High Entropy String",
        "filename": "research/strategy_registry.yaml",
        "hashed_secret": "96b109202f7ce9792efbcc6e32431a8c4207f9ef",
        "is_verified": false,
        "line_number": 780,
        "is_secret": false
      },
      {
        "type": "Hex High Entropy String",
        "filename": "research/strategy_registry.yaml",
        "hashed_secret": "43808c79096fbc305206c151ebfeb2dc26adc022",
        "is_verified": false,
        "line_number": 809,
        "is_secret": false
      },
      {
        "type": "Hex High Entropy String",
        "filename": "research/strategy_registry.yaml",
        "hashed_secret": "53c19c9a6550c468435633019eb7b7fe1f33ca2e",
        "is_verified": false,
        "line_number": 838,
        "is_secret": false
      },
      {
        "type": "Hex High Entropy String",
        "filename": "research/strategy_registry.yaml",
        "hashed_secret": "528c117d282a77aa9e5789f738de62056b093b6e",
        "is_verified": false,
        "line_number": 870,
        "is_secret": false
      },
      {
        "type": "Hex High Entropy String",
        "filename": "research/strategy_registry.yaml",
        "hashed_secret": "9037a40040688b180f68bccd8dd21394c2b51c71",
        "is_verified": false,
        "line_number": 902,
        "is_secret": false
      },
      {
        "type": "Hex High Entropy String",
        "filename": "research/strategy_registry.yaml",
        "hashed_secret": "6926fef0e5608894f54137cd84ca3349f4955c5c",
        "is_verified": false,
        "line_number": 931,
        "is_secret": false
      },
      {
        "type": "Hex High Entropy String",
        "filename": "research/strategy_registry.yaml",
        "hashed_secret": "5485888725315794a8ea0a696d8f4efa528ac346",
        "is_verified": false,
        "line_number": 962,
        "is_secret": false
      },
      {
        "type": "Hex High Entropy String",
        "filename": "research/strategy_registry.yaml",
        "hashed_secret": "0aa170dc195e404fc0b97087cddc32a42adfb648",
        "is_verified": false,
        "line_number": 991,
        "is_secret": false
      },
      {
        "type": "Hex High Entropy String",
        "filename": "research/strategy_registry.yaml",
        "hashed_secret": "13c919c54812ce07e2e6e751fcc8d734e4a65411",
        "is_verified": false,
        "line_number": 1020,
        "is_secret": false
      },
      {
        "type": "Hex High Entropy String",
        "filename": "research/strategy_registry.yaml",
        "hashed_secret": "2d22c5b68038eab3dcc6e180a5f232db53bf01c5",
        "is_verified": false,
        "line_number": 1049,
        "is_secret": false
      },
      {
        "type": "Hex High Entropy String",
        "filename": "research/strategy_registry.yaml",
        "hashed_secret": "58749205844a4216576a61a5aab2f119df7b4a8d",
        "is_verified": false,
        "line_number": 1078,
        "is_secret": false
      },
      {
        "type": "Hex High Entropy String",
        "filename": "research/strategy_registry.yaml",
        "hashed_secret": "2a175bf93d5ff7abbd6ed5f3d7833151700bcbce",
        "is_verified": false,
        "line_number": 1109,
        "is_secret": false
      },
      {
        "type": "Hex High Entropy String",
        "filename": "research/strategy_registry.yaml",
        "hashed_secret": "2bdc5a1a45b7d69746a1388e8e26794e6e51ae70",
        "is_verified": false,
        "line_number": 1138,
        "is_secret": false
      },
      {
        "type": "Hex High Entropy String",
        "filename": "research/strategy_registry.yaml",
        "hashed_secret": "63d861349fc94d95132b05cee8852e85bc0822d3",
        "is_verified": false,
        "line_number": 1167,
        "is_secret": false
      },
      {
        "type": "Hex High Entropy String",
        "filename": "research/strategy_registry.yaml",
        "hashed_secret": "c1df22bcc0a13e83020f707ab525966a73300160",
        "is_verified": false,
        "line_number": 1196,
        "is_secret": false
      },
      {
        "type": "Hex High Entropy String",
        "filename": "research/strategy_registry.yaml",
        "hashed_secret": "5c631d8be9a36b1314be2e198970ca0c2c245aec",
        "is_verified": false,
        "line_number": 1225,
        "is_secret": false
      }
    ],
    "specs/five_tool_confluence_v3_6.yaml": [
      {
        "type": "Hex High Entropy String",
        "filename": "specs/five_tool_confluence_v3_6.yaml",
        "hashed_secret": "22e783b3f3f9645a2496de54db0a7bab773ec093",
        "is_verified": false,
        "line_number": 9,
        "is_secret": false
      }
    ],
    "specs/mean_reversion_v1.yaml": [
      {
        "type": "Hex High Entropy String",
        "filename": "specs/mean_reversion_v1.yaml",
        "hashed_secret": "c5e011afaacec6d172523b7fbea87f7d60095c4c",
        "is_verified": false,
        "line_number": 61,
        "is_secret": false
      }
    ],
    "specs/qqq_campaign_readiness_v1.json": [
      {
        "type": "Hex High Entropy String",
        "filename": "specs/qqq_campaign_readiness_v1.json",
        "hashed_secret": "006e9a58186a6fb77317177ddea02a6e81995e3e",
        "is_verified": false,
        "line_number": 57,
        "is_secret": false
      },
      {
        "type": "Hex High Entropy String",
        "filename": "specs/qqq_campaign_readiness_v1.json",
        "hashed_secret": "e2c0d27ad858f03fe49860f99d165ff22c414c7d",
        "is_verified": false,
        "line_number": 64,
        "is_secret": false
      },
      {
        "type": "Hex High Entropy String",
        "filename": "specs/qqq_campaign_readiness_v1.json",
        "hashed_secret": "0957058717461ab1ed6dc088e9a7e37c6aaaa5e2",
        "is_verified": false,
        "line_number": 71,
        "is_secret": false
      },
      {
        "type": "Hex High Entropy String",
        "filename": "specs/qqq_campaign_readiness_v1.json",
        "hashed_secret": "b89d29d4d2e37b1581c9e6a71d4d5a6a2e0e3c2d",
        "is_verified": false,
        "line_number": 78,
        "is_secret": false
      },
      {
        "type": "Hex High Entropy String",
        "filename": "specs/qqq_campaign_readiness_v1.json",
        "hashed_secret": "a3e28b97755c2529781336f56d865d21a3b5665c",
        "is_verified": false,
        "line_number": 79,
        "is_secret": false
      },
      {
        "type": "Hex High Entropy String",
        "filename": "specs/qqq_campaign_readiness_v1.json",
        "hashed_secret": "eb313b77edce978a228fb8fa28abd09d456580d2",
        "is_verified": false,
        "line_number": 85,
        "is_secret": false
      }
    ],
    "specs/qqq_five_tool_candidate_v1.json": [
      {
        "type": "Hex High Entropy String",
        "filename": "specs/qqq_five_tool_candidate_v1.json",
        "hashed_secret": "006e9a58186a6fb77317177ddea02a6e81995e3e",
        "is_verified": false,
        "line_number": 8,
        "is_secret": false
      },
      {
        "type": "Hex High Entropy String",
        "filename": "specs/qqq_five_tool_candidate_v1.json",
        "hashed_secret": "22e783b3f3f9645a2496de54db0a7bab773ec093",
        "is_verified": false,
        "line_number": 16,
        "is_secret": false
      },
      {
        "type": "Hex High Entropy String",
        "filename": "specs/qqq_five_tool_candidate_v1.json",
        "hashed_secret": "f21784998db143be5359f14c98c124ce27129be0",
        "is_verified": false,
        "line_number": 18,
        "is_secret": false
      },
      {
        "type": "Hex High Entropy String",
        "filename": "specs/qqq_five_tool_candidate_v1.json",
        "hashed_secret": "21da9236ecee7d8afda0215b20656932e2b3bd2e",
        "is_verified": false,
        "line_number": 19,
        "is_secret": false
      },
      {
        "type": "Hex High Entropy String",
        "filename": "specs/qqq_five_tool_candidate_v1.json",
        "hashed_secret": "632835654d4e92b6fca99f7618f017787e309004",
        "is_verified": false,
        "line_number": 20,
        "is_secret": false
      },
      {
        "type": "Hex High Entropy String",
        "filename": "specs/qqq_five_tool_candidate_v1.json",
        "hashed_secret": "de63e2d27eb1a020cbe6eca24cf578177f7b4081",
        "is_verified": false,
        "line_number": 22,
        "is_secret": false
      }
    ],
    "specs/qqq_power_analysis_v1.json": [
      {
        "type": "Hex High Entropy String",
        "filename": "specs/qqq_power_analysis_v1.json",
        "hashed_secret": "006e9a58186a6fb77317177ddea02a6e81995e3e",
        "is_verified": false,
        "line_number": 9,
        "is_secret": false
      },
      {
        "type": "Hex High Entropy String",
        "filename": "specs/qqq_power_analysis_v1.json",
        "hashed_secret": "e2c0d27ad858f03fe49860f99d165ff22c414c7d",
        "is_verified": false,
        "line_number": 13,
        "is_secret": false
      },
      {
        "type": "Hex High Entropy String",
        "filename": "specs/qqq_power_analysis_v1.json",
        "hashed_secret": "0957058717461ab1ed6dc088e9a7e37c6aaaa5e2",
        "is_verified": false,
        "line_number": 17,
        "is_secret": false
      }
    ],
    "specs/qqq_sma_control_v1.json": [
      {
        "type": "Hex High Entropy String",
        "filename": "specs/qqq_sma_control_v1.json",
        "hashed_secret": "006e9a58186a6fb77317177ddea02a6e81995e3e",
        "is_verified": false,
        "line_number": 9,
        "is_secret": false
      }
    ],
    "specs/regime_trend_v1.yaml": [
      {
        "type": "Hex High Entropy String",
        "filename": "specs/regime_trend_v1.yaml",
        "hashed_secret": "863428c25bf45168f36efa04db1465fd656de40e",
        "is_verified": false,
        "line_number": 79,
        "is_secret": false
      }
    ],
    "src/chronos/orders/risk.py": [
      {
        "type": "Hex High Entropy String",
        "filename": "src/chronos/orders/risk.py",
        "hashed_secret": "0957058717461ab1ed6dc088e9a7e37c6aaaa5e2",
        "is_verified": false,
        "line_number": 36,
        "is_secret": false
      }
    ],
    "src/chronos/research/features/arrival_quotes.py": [
      {
        "type": "Hex High Entropy String",
        "filename": "src/chronos/research/features/arrival_quotes.py",
        "hashed_secret": "22e783b3f3f9645a2496de54db0a7bab773ec093",
        "is_verified": false,
        "line_number": 30,
        "is_secret": false
      }
    ],
    "src/chronos/research/qqq_campaign_readiness.py": [
      {
        "type": "Hex High Entropy String",
        "filename": "src/chronos/research/qqq_campaign_readiness.py",
        "hashed_secret": "c6873fe745364a608e168ccf0f493c7052358476",
        "is_verified": false,
        "line_number": 30,
        "is_secret": false
      },
      {
        "type": "Hex High Entropy String",
        "filename": "src/chronos/research/qqq_campaign_readiness.py",
        "hashed_secret": "006e9a58186a6fb77317177ddea02a6e81995e3e",
        "is_verified": false,
        "line_number": 248,
        "is_secret": false
      },
      {
        "type": "Hex High Entropy String",
        "filename": "src/chronos/research/qqq_campaign_readiness.py",
        "hashed_secret": "e2c0d27ad858f03fe49860f99d165ff22c414c7d",
        "is_verified": false,
        "line_number": 255,
        "is_secret": false
      },
      {
        "type": "Hex High Entropy String",
        "filename": "src/chronos/research/qqq_campaign_readiness.py",
        "hashed_secret": "0957058717461ab1ed6dc088e9a7e37c6aaaa5e2",
        "is_verified": false,
        "line_number": 262,
        "is_secret": false
      },
      {
        "type": "Hex High Entropy String",
        "filename": "src/chronos/research/qqq_campaign_readiness.py",
        "hashed_secret": "b89d29d4d2e37b1581c9e6a71d4d5a6a2e0e3c2d",
        "is_verified": false,
        "line_number": 269,
        "is_secret": false
      },
      {
        "type": "Hex High Entropy String",
        "filename": "src/chronos/research/qqq_campaign_readiness.py",
        "hashed_secret": "a3e28b97755c2529781336f56d865d21a3b5665c",
        "is_verified": false,
        "line_number": 270,
        "is_secret": false
      },
      {
        "type": "Hex High Entropy String",
        "filename": "src/chronos/research/qqq_campaign_readiness.py",
        "hashed_secret": "eb313b77edce978a228fb8fa28abd09d456580d2",
        "is_verified": false,
        "line_number": 276,
        "is_secret": false
      }
    ],
    "src/chronos/research/qqq_confluence.py": [
      {
        "type": "Hex High Entropy String",
        "filename": "src/chronos/research/qqq_confluence.py",
        "hashed_secret": "0957058717461ab1ed6dc088e9a7e37c6aaaa5e2",
        "is_verified": false,
        "line_number": 28,
        "is_secret": false
      },
      {
        "type": "Hex High Entropy String",
        "filename": "src/chronos/research/qqq_confluence.py",
        "hashed_secret": "22e783b3f3f9645a2496de54db0a7bab773ec093",
        "is_verified": false,
        "line_number": 30,
        "is_secret": false
      },
      {
        "type": "Hex High Entropy String",
        "filename": "src/chronos/research/qqq_confluence.py",
        "hashed_secret": "f21784998db143be5359f14c98c124ce27129be0",
        "is_verified": false,
        "line_number": 31,
        "is_secret": false
      },
      {
        "type": "Hex High Entropy String",
        "filename": "src/chronos/research/qqq_confluence.py",
        "hashed_secret": "21da9236ecee7d8afda0215b20656932e2b3bd2e",
        "is_verified": false,
        "line_number": 32,
        "is_secret": false
      },
      {
        "type": "Hex High Entropy String",
        "filename": "src/chronos/research/qqq_confluence.py",
        "hashed_secret": "632835654d4e92b6fca99f7618f017787e309004",
        "is_verified": false,
        "line_number": 33,
        "is_secret": false
      },
      {
        "type": "Hex High Entropy String",
        "filename": "src/chronos/research/qqq_confluence.py",
        "hashed_secret": "de63e2d27eb1a020cbe6eca24cf578177f7b4081",
        "is_verified": false,
        "line_number": 34,
        "is_secret": false
      },
      {
        "type": "Hex High Entropy String",
        "filename": "src/chronos/research/qqq_confluence.py",
        "hashed_secret": "006e9a58186a6fb77317177ddea02a6e81995e3e",
        "is_verified": false,
        "line_number": 35,
        "is_secret": false
      }
    ],
    "src/chronos/research/qqq_control.py": [
      {
        "type": "Hex High Entropy String",
        "filename": "src/chronos/research/qqq_control.py",
        "hashed_secret": "e2c0d27ad858f03fe49860f99d165ff22c414c7d",
        "is_verified": false,
        "line_number": 21,
        "is_secret": false
      },
      {
        "type": "Hex High Entropy String",
        "filename": "src/chronos/research/qqq_control.py",
        "hashed_secret": "006e9a58186a6fb77317177ddea02a6e81995e3e",
        "is_verified": false,
        "line_number": 22,
        "is_secret": false
      }
    ],
    "src/chronos/research/qqq_power_analysis.py": [
      {
        "type": "Hex High Entropy String",
        "filename": "src/chronos/research/qqq_power_analysis.py",
        "hashed_secret": "edb70d37994dc06a5bdab7debfc0e0a43f8af438",
        "is_verified": false,
        "line_number": 22,
        "is_secret": false
      },
      {
        "type": "Hex High Entropy String",
        "filename": "src/chronos/research/qqq_power_analysis.py",
        "hashed_secret": "006e9a58186a6fb77317177ddea02a6e81995e3e",
        "is_verified": false,
        "line_number": 243,
        "is_secret": false
      },
      {
        "type": "Hex High Entropy String",
        "filename": "src/chronos/research/qqq_power_analysis.py",
        "hashed_secret": "e2c0d27ad858f03fe49860f99d165ff22c414c7d",
        "is_verified": false,
        "line_number": 247,
        "is_secret": false
      },
      {
        "type": "Hex High Entropy String",
        "filename": "src/chronos/research/qqq_power_analysis.py",
        "hashed_secret": "0957058717461ab1ed6dc088e9a7e37c6aaaa5e2",
        "is_verified": false,
        "line_number": 251,
        "is_secret": false
      }
    ],
    "src/chronos/research/tradingview.py": [
      {
        "type": "Hex High Entropy String",
        "filename": "src/chronos/research/tradingview.py",
        "hashed_secret": "22e783b3f3f9645a2496de54db0a7bab773ec093",
        "is_verified": false,
        "line_number": 41,
        "is_secret": false
      }
    ],
    "src/chronos/supervisor/position_management.py": [
      {
        "type": "Hex High Entropy String",
        "filename": "src/chronos/supervisor/position_management.py",
        "hashed_secret": "0957058717461ab1ed6dc088e9a7e37c6aaaa5e2",
        "is_verified": false,
        "line_number": 69,
        "is_secret": false
      }
    ],
    "tests/fixtures/tradingview_synthetic/five_tool_trace.meta.json": [
      {
        "type": "Hex High Entropy String",
        "filename": "tests/fixtures/tradingview_synthetic/five_tool_trace.meta.json",
        "hashed_secret": "22e783b3f3f9645a2496de54db0a7bab773ec093",
        "is_verified": false,
        "line_number": 5,
        "is_secret": false
      },
      {
        "type": "Hex High Entropy String",
        "filename": "tests/fixtures/tradingview_synthetic/five_tool_trace.meta.json",
        "hashed_secret": "7e71ac22905875a44a4f0053868d73ff4633bff1",
        "is_verified": false,
        "line_number": 20,
        "is_secret": false
      },
      {
        "type": "Hex High Entropy String",
        "filename": "tests/fixtures/tradingview_synthetic/five_tool_trace.meta.json",
        "hashed_secret": "e1021f8f1bbbcda7480951eb6d0de829c55d9ef1",
        "is_verified": false,
        "line_number": 21,
        "is_secret": false
      }
    ],
    "tests/integration/test_order_pipeline.py": [
      {
        "type": "Hex High Entropy String",
        "filename": "tests/integration/test_order_pipeline.py",
        "hashed_secret": "0957058717461ab1ed6dc088e9a7e37c6aaaa5e2",
        "is_verified": false,
        "line_number": 105,
        "is_secret": false
      }
    ],
    "tests/parity/test_five_tool_tradingview.py": [
      {
        "type": "Hex High Entropy String",
        "filename": "tests/parity/test_five_tool_tradingview.py",
        "hashed_secret": "dffc790d15d16696df11bff1b97501e8ac89354b",
        "is_verified": false,
        "line_number": 419,
        "is_secret": false
      }
    ],
    "tests/safety/test_managed_position_admission.py": [
      {
        "type": "Hex High Entropy String",
        "filename": "tests/safety/test_managed_position_admission.py",
        "hashed_secret": "0957058717461ab1ed6dc088e9a7e37c6aaaa5e2",
        "is_verified": false,
        "line_number": 240,
        "is_secret": false
      }
    ],
    "tests/safety/test_model_worker_exercised.py": [
      {
        "type": "Secret Keyword",
        "filename": "tests/safety/test_model_worker_exercised.py",
        "hashed_secret": "868f817ec3420d059d6f3c93e4ec5728442f92a9",
        "is_verified": false,
        "line_number": 34,
        "is_secret": false
      }
    ],
    "tests/safety/test_paper_position_management.py": [
      {
        "type": "Hex High Entropy String",
        "filename": "tests/safety/test_paper_position_management.py",
        "hashed_secret": "a3e28b97755c2529781336f56d865d21a3b5665c",
        "is_verified": false,
        "line_number": 154,
        "is_secret": false
      }
    ],
    "tests/safety/test_qqq_campaign_readiness.py": [
      {
        "type": "Hex High Entropy String",
        "filename": "tests/safety/test_qqq_campaign_readiness.py",
        "hashed_secret": "006e9a58186a6fb77317177ddea02a6e81995e3e",
        "is_verified": false,
        "line_number": 62,
        "is_secret": false
      },
      {
        "type": "Hex High Entropy String",
        "filename": "tests/safety/test_qqq_campaign_readiness.py",
        "hashed_secret": "e2c0d27ad858f03fe49860f99d165ff22c414c7d",
        "is_verified": false,
        "line_number": 65,
        "is_secret": false
      },
      {
        "type": "Hex High Entropy String",
        "filename": "tests/safety/test_qqq_campaign_readiness.py",
        "hashed_secret": "0957058717461ab1ed6dc088e9a7e37c6aaaa5e2",
        "is_verified": false,
        "line_number": 68,
        "is_secret": false
      },
      {
        "type": "Hex High Entropy String",
        "filename": "tests/safety/test_qqq_campaign_readiness.py",
        "hashed_secret": "a3e28b97755c2529781336f56d865d21a3b5665c",
        "is_verified": false,
        "line_number": 71,
        "is_secret": false
      }
    ],
    "tests/safety/test_qqq_certified_data_wizard.py": [
      {
        "type": "Hex High Entropy String",
        "filename": "tests/safety/test_qqq_certified_data_wizard.py",
        "hashed_secret": "890d4d8080cc715bbd3fa2365c03fc0fb7ffb1df",
        "is_verified": false,
        "line_number": 9,
        "is_secret": false
      }
    ],
    "tests/safety/test_qqq_confluence_candidate.py": [
      {
        "type": "Hex High Entropy String",
        "filename": "tests/safety/test_qqq_confluence_candidate.py",
        "hashed_secret": "22e783b3f3f9645a2496de54db0a7bab773ec093",
        "is_verified": false,
        "line_number": 36,
        "is_secret": false
      }
    ],
    "tests/safety/test_qqq_v1_constitution.py": [
      {
        "type": "Hex High Entropy String",
        "filename": "tests/safety/test_qqq_v1_constitution.py",
        "hashed_secret": "006e9a58186a6fb77317177ddea02a6e81995e3e",
        "is_verified": false,
        "line_number": 10,
        "is_secret": false
      }
    ],
    "tests/test_opencode_workflow_policy.py": [
      {
        "type": "Hex High Entropy String",
        "filename": "tests/test_opencode_workflow_policy.py",
        "hashed_secret": "96d6f2ef3c462e13bac477a7aa150345c3d6627d",
        "is_verified": false,
        "line_number": 21,
        "is_secret": false
      },
      {
        "type": "Hex High Entropy String",
        "filename": "tests/test_opencode_workflow_policy.py",
        "hashed_secret": "efb09f0891411b206db5267661e4fd3d64823ef8",
        "is_verified": false,
        "line_number": 63,
        "is_secret": false
      }
    ],
    "tests/unit/test_diagnostics_validation_snapshot.py": [
      {
        "type": "Hex High Entropy String",
        "filename": "tests/unit/test_diagnostics_validation_snapshot.py",
        "hashed_secret": "158b484ae1f6f64f89da22397d25fbdafad02252",
        "is_verified": false,
        "line_number": 63,
        "is_secret": false
      }
    ],
    "tests/unit/test_five_tool_campaign.py": [
      {
        "type": "Secret Keyword",
        "filename": "tests/unit/test_five_tool_campaign.py",
        "hashed_secret": "34c6fceca75e456f25e7e99531e2425c6c1de443",
        "is_verified": false,
        "line_number": 840,
        "is_secret": false
      }
    ],
    "tests/unit/test_five_tool_contract.py": [
      {
        "type": "Hex High Entropy String",
        "filename": "tests/unit/test_five_tool_contract.py",
        "hashed_secret": "22e783b3f3f9645a2496de54db0a7bab773ec093",
        "is_verified": false,
        "line_number": 34,
        "is_secret": false
      },
      {
        "type": "Hex High Entropy String",
        "filename": "tests/unit/test_five_tool_contract.py",
        "hashed_secret": "21da9236ecee7d8afda0215b20656932e2b3bd2e",
        "is_verified": false,
        "line_number": 35,
        "is_secret": false
      }
    ],
    "tests/unit/test_model_worker.py": [
      {
        "type": "Secret Keyword",
        "filename": "tests/unit/test_model_worker.py",
        "hashed_secret": "868f817ec3420d059d6f3c93e4ec5728442f92a9",
        "is_verified": false,
        "line_number": 34,
        "is_secret": false
      },
      {
        "type": "Secret Keyword",
        "filename": "tests/unit/test_model_worker.py",
        "hashed_secret": "65ec2e3fd3aa18d2de914488b03f2c570d193908",
        "is_verified": false,
        "line_number": 268,
        "is_secret": false
      },
      {
        "type": "Secret Keyword",
        "filename": "tests/unit/test_model_worker.py",
        "hashed_secret": "3108005457169bfb11b9e8c927ab660217392cbb",
        "is_verified": false,
        "line_number": 459,
        "is_secret": false
      }
    ],
    "tests/unit/test_option_selection.py": [
      {
        "type": "Hex High Entropy String",
        "filename": "tests/unit/test_option_selection.py",
        "hashed_secret": "b4cf9ed8cb5aeea04df850d29d729cf599070cdb",
        "is_verified": false,
        "line_number": 64,
        "is_secret": false
      },
      {
        "type": "Hex High Entropy String",
        "filename": "tests/unit/test_option_selection.py",
        "hashed_secret": "ab0abd3c4b6f17e76dfe670f20b0f066505bb811",
        "is_verified": false,
        "line_number": 65,
        "is_secret": false
      },
      {
        "type": "Hex High Entropy String",
        "filename": "tests/unit/test_option_selection.py",
        "hashed_secret": "ac828074c7bf1cc0d3639c9aa9543f28e9efca69",
        "is_verified": false,
        "line_number": 67,
        "is_secret": false
      }
    ],
    "tests/unit/test_pip_bootstrap.py": [
      {
        "type": "Hex High Entropy String",
        "filename": "tests/unit/test_pip_bootstrap.py",
        "hashed_secret": "855ecf79491264004b5562c60d848a897ec43041",
        "is_verified": false,
        "line_number": 20,
        "is_secret": false
      },
      {
        "type": "Hex High Entropy String",
        "filename": "tests/unit/test_pip_bootstrap.py",
        "hashed_secret": "a3da45b9cfb8c006b380e627343718d5686f0344",
        "is_verified": false,
        "line_number": 21,
        "is_secret": false
      }
    ],
    "tests/unit/test_quantity_hash_stability.py": [
      {
        "type": "Hex High Entropy String",
        "filename": "tests/unit/test_quantity_hash_stability.py",
        "hashed_secret": "3ce6284880f53aca12b1b27d4dccfe058ec21d2b",
        "is_verified": false,
        "line_number": 32,
        "is_secret": false
      },
      {
        "type": "Hex High Entropy String",
        "filename": "tests/unit/test_quantity_hash_stability.py",
        "hashed_secret": "b5051eb29b6c1bc026d9367a108c4d94d72419fd",
        "is_verified": false,
        "line_number": 33,
        "is_secret": false
      },
      {
        "type": "Hex High Entropy String",
        "filename": "tests/unit/test_quantity_hash_stability.py",
        "hashed_secret": "4901a69c10107cd5145dac3027ebab8ffd0cdfa8",
        "is_verified": false,
        "line_number": 34,
        "is_secret": false
      },
      {
        "type": "Hex High Entropy String",
        "filename": "tests/unit/test_quantity_hash_stability.py",
        "hashed_secret": "3fc4a54af42d0e1f2be022f8353022f7e3384aee",
        "is_verified": false,
        "line_number": 35,
        "is_secret": false
      }
    ],
    "tests/unit/test_release_artifact.py": [
      {
        "type": "Hex High Entropy String",
        "filename": "tests/unit/test_release_artifact.py",
        "hashed_secret": "a47f46969888aa2a9596f3ed3bf9f093ebba9de2",
        "is_verified": false,
        "line_number": 38,
        "is_secret": false
      },
      {
        "type": "Hex High Entropy String",
        "filename": "tests/unit/test_release_artifact.py",
        "hashed_secret": "1f8a34549493765c5d8ffeac61e153e52e34d40d",
        "is_verified": false,
        "line_number": 39,
        "is_secret": false
      }
    ],
    "tests/unit/test_research_repro.py": [
      {
        "type": "Secret Keyword",
        "filename": "tests/unit/test_research_repro.py",
        "hashed_secret": "31d16772b2c86cc8cefb6fd8c47e1781b4f134b2",
        "is_verified": false,
        "line_number": 59,
        "is_secret": false
      },
      {
        "type": "Secret Keyword",
        "filename": "tests/unit/test_research_repro.py",
        "hashed_secret": "f3bbbd66a63d4bf1747940578ec3d0103530e21d",
        "is_verified": false,
        "line_number": 60,
        "is_secret": false
      }
    ],
    "tests/unit/test_skb_compiler.py": [
      {
        "type": "Hex High Entropy String",
        "filename": "tests/unit/test_skb_compiler.py",
        "hashed_secret": "14318473cdb24a71fa10ee42622b920e6bcc5c42",
        "is_verified": false,
        "line_number": 32,
        "is_secret": false
      }
    ],
    "tests/unit/test_skb_source_properties.py": [
      {
        "type": "Hex High Entropy String",
        "filename": "tests/unit/test_skb_source_properties.py",
        "hashed_secret": "14318473cdb24a71fa10ee42622b920e6bcc5c42",
        "is_verified": false,
        "line_number": 26,
        "is_secret": false
      }
    ],
    "tests/unit/test_tradingview_bridge.py": [
      {
        "type": "Secret Keyword",
        "filename": "tests/unit/test_tradingview_bridge.py",
        "hashed_secret": "a0f4ea7d91495df92bbac2e2149dfb850fe81396",
        "is_verified": false,
        "line_number": 151,
        "is_secret": false
      }
    ],
    "tests/unit/test_ui_runtime_scope.py": [
      {
        "type": "Secret Keyword",
        "filename": "tests/unit/test_ui_runtime_scope.py",
        "hashed_secret": "d9fafac77905c1bc74431177c41a0f8d8efa482e",
        "is_verified": false,
        "line_number": 409,
        "is_secret": false
      }
    ]
  },
  "history_results": {
    "docs/generated/capability-matrix.json": [
      {
        "type": "Hex High Entropy String",
        "hashed_secret": "b51a5f4b9b1222ebeba8e739fd031558ed10fad1",
        "is_secret": false,
        "observed_commit": "83788e04af67de883040ac81440f07e1548e21a6",
        "reason": "SHA-256 source-inventory identity generated from repository bytes"
      },
      {
        "type": "Hex High Entropy String",
        "hashed_secret": "1e914ca0d0f7364809e890ee4efeb8fb95f18918",
        "is_secret": false,
        "observed_commit": "83788e04af67de883040ac81440f07e1548e21a6",
        "reason": "SHA-256 source-inventory identity generated from repository bytes"
      },
      {
        "type": "Hex High Entropy String",
        "hashed_secret": "3ff953f5f8fa3fe80545503fc47d99ad71087965",
        "is_secret": false,
        "observed_commit": "83788e04af67de883040ac81440f07e1548e21a6",
        "reason": "SHA-256 source-inventory identity generated from repository bytes"
      },
      {
        "type": "Hex High Entropy String",
        "hashed_secret": "38071703b2e6e900e96d606c520872530e7b87d2",
        "is_secret": false,
        "observed_commit": "b288b51026f81cfe6a7e86ec8ee49c4411f7b99c",
        "reason": "SHA-256 source-inventory identity generated from repository bytes"
      },
      {
        "type": "Hex High Entropy String",
        "hashed_secret": "9b8f3afba3c38321a172bde9f587e71db56ec9d3",
        "is_secret": false,
        "observed_commit": "e32ffde43a30c3dc06fff988b4f376f4b16968b6",
        "reason": "SHA-256 source-inventory identity generated from repository bytes"
      },
      {
        "type": "Hex High Entropy String",
        "hashed_secret": "b12c0845abd877f253771aa5e01b29ed5bf1d1ea",
        "is_secret": false,
        "observed_commit": "90f1a930091f46b3a2da32f0a87f93e483b5e7f6",
        "reason": "SHA-256 source-inventory identity generated from repository bytes"
      },
      {
        "type": "Hex High Entropy String",
        "hashed_secret": "a6d4ceeec0bf9bd4fb35e6f1ca2e88c7fa185786",
        "is_secret": false,
        "observed_commit": "e51d05bbe8f329339d24ad18370d4c6854a8c1b6",
        "reason": "SHA-256 source-inventory identity generated from repository bytes"
      },
      {
        "type": "Hex High Entropy String",
        "hashed_secret": "fa3b2299c69b4c74bfef33eefe83a0dbf4ab9b0c",
        "is_secret": false,
        "observed_commit": "6530ef3c1e569c79690a7fa7b5b15febce16b054",
        "reason": "SHA-256 source-inventory identity generated from repository bytes"
      }
    ],
    "research/five_tool_v3_6_campaign_manifest.json": [
      {
        "type": "Hex High Entropy String",
        "hashed_secret": "24eba9359c786c39bbfe6c14c3e11646035e7abe",
        "is_secret": false,
        "observed_commit": "a91de4f88b2bbb5deac632aca430da586c47bf94",
        "reason": "SHA-256 semantic-declaration identity generated from reviewed research bytes"
      }
    ],
    "research/skb/skb.json": [
      {
        "type": "Hex High Entropy String",
        "hashed_secret": "b44a9c291cbf74714de9dd7c6b6dd44c7b1e5217",
        "is_secret": false,
        "observed_commit": "07342e9f624d66f77280934e05eb1adb6e870060",
        "reason": "SHA-256 identity of a reviewed Pine findings artifact"
      },
      {
        "type": "Hex High Entropy String",
        "hashed_secret": "c7d37052aadce7231e53bbe13a1d97fd46d12265",
        "is_secret": false,
        "observed_commit": "07342e9f624d66f77280934e05eb1adb6e870060",
        "reason": "SHA-256 identity of a reviewed strategy-registry artifact"
      }
    ],
    "src/chronos/research/qqq_control.py": [
      {
        "type": "Hex High Entropy String",
        "hashed_secret": "b9b4561e967cec48caea46688f422987af54e8a5",
        "is_secret": false,
        "observed_commit": "50c42b38c7b75d1ebd073dfa4e88ed0185c1710b",
        "reason": "SHA-256 identity of the reviewed QQQ preregistration document"
      }
    ]
  },
  "generated_at": "2026-08-29T20:57:27Z"
}
